// Jest Snapshot v1, https://goo.gl/fbAQLP

exports[`test  input component matches snapshot: Loading test snapshot 1`] = `
<div
  class="loading-container"
>
  <p>
    Загрузка. Подождите...
  </p>
  <div
    style="fill: black; height: 64px; width: 64px;"
  >
    <svg
      viewBox="0 0 32 32"
      xmlns="http://www.w3.org/2000/svg"
    >
      
  
      <path
        d="M0 12 V20 H4 V12z"
        transform="translate(0 0)"
      >
        
    
        <animatetransform
          attributeName="transform"
          begin="0"
          calcMode="spline"
          dur="1.5s"
          keySplines="0.2 0.2 0.4 0.8;0.2 0.2 0.4 0.8;0.2 0.2 0.4 0.8"
          keyTimes="0;0.3;0.6;1"
          repeatCount="indefinite"
          type="translate"
          values="0 0; 28 0; 0 0; 0 0"
        />
        
  
      </path>
      
  
      <path
        d="M0 12 V20 H4 V12z"
        opacity="0.5"
        transform="translate(0 0)"
      >
        
    
        <animatetransform
          attributeName="transform"
          begin="0.1s"
          calcMode="spline"
          dur="1.5s"
          keySplines="0.2 0.2 0.4 0.8;0.2 0.2 0.4 0.8;0.2 0.2 0.4 0.8"
          keyTimes="0;0.3;0.6;1"
          repeatCount="indefinite"
          type="translate"
          values="0 0; 28 0; 0 0; 0 0"
        />
        
  
      </path>
      
  
      <path
        d="M0 12 V20 H4 V12z"
        opacity="0.25"
        transform="translate(0 0)"
      >
        
    
        <animatetransform
          attributeName="transform"
          begin="0.2s"
          calcMode="spline"
          dur="1.5s"
          keySplines="0.2 0.2 0.4 0.8;0.2 0.2 0.4 0.8;0.2 0.2 0.4 0.8"
          keyTimes="0;0.3;0.6;1"
          repeatCount="indefinite"
          type="translate"
          values="0 0; 28 0; 0 0; 0 0"
        />
        
  
      </path>
      

    </svg>
    

  </div>
</div>
`;
