// Jest Snapshot v1, https://goo.gl/fbAQLP

exports[`workfield tests can go in reader mode: workfield-read-mode 1`] = `
<div
  class="workfield-content-read-mode"
>
  <div
    class="workfield-content-edit-field reader-mode-invisible"
  >
    <div
      class="workfield-content-edit-field-textarea"
    >
      <textarea
        data-testid="input-field"
      >
        test-content
      </textarea>
    </div>
  </div>
  <div
    class="workfield-content-display-field render-mode"
    data-testid="pretty-view"
  >
    <p>
      test-content
    </p>
    

  </div>
</div>
`;

exports[`workfield tests helpers markdown: markdown-help-snapshot 1`] = `"<div class=\\"markdown-help-container\\" data-testid=\\"markdown-help\\"><ul><li>Жирный текст <div class=\\"markdown-help-container-example\\">**Text**</div></li><hr><li>Курсивный текст <div class=\\"markdown-help-container-example\\">*Text*</div></li><hr><li>Подчеркнутый текст <div class=\\"markdown-help-container-example\\">_Text_</div></li><hr><li>Заголовок 1 уровня <div class=\\"markdown-help-container-example\\"># Text</div></li><hr><li>Заголовок 2 уровня <div class=\\"markdown-help-container-example\\">## Text</div></li><hr><li>Заголовок 3 уровня <div class=\\"markdown-help-container-example\\">### Text</div></li><hr><li>Список с точками <div class=\\"markdown-help-container-example\\">* Text</div></li><hr><li>Список с цифрами <div class=\\"markdown-help-container-example\\">1. Text</div></li><hr><li>Блок кода <div class=\\"markdown-help-container-example\\">\`\`\` javascript <br> Text <br>\`\`\`</div></li><hr><li>Однострочный код <div class=\\"markdown-help-container-example\\">\`Text\`</div></li><hr><li>Таблица <div class=\\"markdown-help-container-example\\">| header1 | header2 | <br> |-----|-----| <br>| value1 | value2 |</div></li><hr><li>Ссылка <div class=\\"markdown-help-container-example\\">[shown text](http://link_here.com)</div></li><hr><li>Горизонтальная линия <div class=\\"markdown-help-container-example\\">---</div></li><hr><li>Цитирование <div class=\\"markdown-help-container-example\\"> &gt;Text</div></li><hr></ul></div>"`;

exports[`workfield tests match snapshot: workfield snapshot 1`] = `
"<div class=\\"work-field\\"><div class=\\"workfield-actions\\"><div class=\\"workfield-content-edit-field-actions\\"><div class=\\"small-button-container wf-action-btn\\" data-testid=\\"bold-icon\\"><svg class=\\"image small-button-icon tooltip\\" fill=\\"BlackCommon\\" width=\\"15\\" height=\\"15\\"><use xlink:href=\\"test-file-stub#bold-icon\\"></use></svg></div><div class=\\"small-button-container wf-action-btn\\" data-testid=\\"italic-icon\\"><svg class=\\"image small-button-icon tooltip\\" fill=\\"BlackCommon\\" width=\\"15\\" height=\\"15\\"><use xlink:href=\\"test-file-stub#italic-icon\\"></use></svg></div><div class=\\"small-button-container wf-action-btn\\" data-testid=\\"underscoped-icon\\"><svg class=\\"image small-button-icon tooltip\\" fill=\\"BlackCommon\\" width=\\"15\\" height=\\"15\\"><use xlink:href=\\"test-file-stub#underscoped-icon\\"></use></svg></div><div class=\\"small-button-container wf-action-btn\\" data-testid=\\"dotted-list-icon\\"><svg class=\\"image small-button-icon tooltip\\" fill=\\"BlackCommon\\" width=\\"15\\" height=\\"15\\"><use xlink:href=\\"test-file-stub#dotted-list-icon\\"></use></svg></div><div class=\\"small-button-container wf-action-btn\\" data-testid=\\"list-icon\\"><svg class=\\"image small-button-icon tooltip\\" fill=\\"BlackCommon\\" width=\\"15\\" height=\\"15\\"><use xlink:href=\\"test-file-stub#list-icon\\"></use></svg></div><div class=\\"small-button-container wf-action-btn\\" data-testid=\\"h1-icon\\"><svg class=\\"image small-button-icon tooltip\\" fill=\\"BlackCommon\\" width=\\"15\\" height=\\"15\\"><use xlink:href=\\"test-file-stub#h1-icon\\"></use></svg></div><div class=\\"small-button-container wf-action-btn\\" data-testid=\\"h2-icon\\"><svg class=\\"image small-button-icon tooltip\\" fill=\\"BlackCommon\\" width=\\"15\\" height=\\"15\\"><use xlink:href=\\"test-file-stub#h2-icon\\"></use></svg></div><div class=\\"small-button-container wf-action-btn\\" data-testid=\\"h3-icon\\"><svg class=\\"image small-button-icon tooltip\\" fill=\\"BlackCommon\\" width=\\"15\\" height=\\"15\\"><use xlink:href=\\"test-file-stub#h3-icon\\"></use></svg></div><div class=\\"small-button-container wf-action-btn\\" data-testid=\\"code-icon\\"><svg class=\\"image small-button-icon tooltip\\" fill=\\"BlackCommon\\" width=\\"15\\" height=\\"15\\"><use xlink:href=\\"test-file-stub#code-icon\\"></use></svg></div><div class=\\"small-button-container wf-action-btn\\" data-testid=\\"table-icon\\"><svg class=\\"image small-button-icon tooltip\\" fill=\\"BlackCommon\\" width=\\"15\\" height=\\"15\\"><use xlink:href=\\"test-file-stub#table-icon\\"></use></svg></div><div aria-describedby=\\"popup-7\\"><div class=\\"small-button-container wf-action-btn\\" data-testid=\\"markup-icon\\"><svg class=\\"image small-button-icon tooltip\\" fill=\\"BlackCommon\\" width=\\"15\\" height=\\"15\\"><use xlink:href=\\"test-file-stub#markup-icon\\"></use></svg></div></div></div><div class=\\"workfield-actions-container\\"><div class=\\"small-button-container\\" title=\\"Удалить заметку\\" data-testid=\\"remove\\"><svg class=\\"image small-button-icon tooltip\\" fill=\\"BlackCommon\\" width=\\"25px\\" height=\\"25\\"><use xlink:href=\\"test-file-stub#remove\\"></use></svg></div><div class=\\"small-button-container\\" title=\\"Скопировать заметку\\" data-testid=\\"copy\\"><svg class=\\"image small-button-icon tooltip\\" fill=\\"BlackCommon\\" width=\\"25px\\" height=\\"25\\"><use xlink:href=\\"test-file-stub#copy\\"></use></svg></div><div><div aria-describedby=\\"popup-8\\"><div class=\\"small-button-container\\" title=\\"Задать тэг\\" data-testid=\\"tag\\"><svg class=\\"image small-button-icon tooltip\\" fill=\\"BlackCommon\\" width=\\"25px\\" height=\\"25\\"><use xlink:href=\\"test-file-stub#tag\\"></use></svg></div></div></div><div><div aria-describedby=\\"popup-9\\"><div class=\\"small-button-container\\" title=\\"Поделиться\\" data-testid=\\"share\\"><svg class=\\"image small-button-icon tooltip\\" fill=\\"BlackCommon\\" width=\\"25px\\" height=\\"25\\"><use xlink:href=\\"test-file-stub#share\\"></use></svg></div></div></div><div class=\\"small-button-container\\" title=\\"Режим чтения\\" data-testid=\\"read-icon\\"><svg class=\\"image small-button-icon tooltip\\" fill=\\"BlackCommon\\" width=\\"25px\\" height=\\"25\\"><use xlink:href=\\"test-file-stub#read-icon\\"></use></svg></div><div class=\\"medium-container\\" data-testid=\\"save-icon\\"><svg class=\\"image small-button-icon tooltip\\" fill=\\"BlackCommon\\" width=\\"25px\\" height=\\"25\\"><use xlink:href=\\"test-file-stub#save-icon\\"></use></svg><span>Сохранить</span></div></div></div><div class=\\"workfield-content\\"><div class=\\"workfield-content-edit-field\\"><div class=\\"workfield-content-edit-field-textarea\\"><textarea data-testid=\\"input-field\\">test-content</textarea></div></div><div data-testid=\\"pretty-view\\" class=\\"workfield-content-display-field\\"><p>test-content</p>
</div></div></div>"
`;
